Microchip MPLAB XC8 Compiler V2.45

Linker command line:

-W-3 \
  --edf=C:\Program Files\Microchip\xc8\v2.45\pic\dat\20230818022343_en.msgs \
  -cn -h+dist/default/production\pwm_gemerator.X.production.sym \
  --cmf=dist/default/production\pwm_gemerator.X.production.cmf -z -Q16F73 \
  -oC:\Users\ELECTR~1\AppData\Local\Temp\xcAsct4.\driver_tmp_3.o \
  --defsym=__MPLAB_BUILD=1 --fixupoverflow=error \
  -Mdist/default/production/pwm_gemerator.X.production.map \
  --md=C:\Users\ELECTR~1\AppData\Local\Temp\xcAsct4.\driver_tmp_0.dat -E1 \
  -ver=XC8 Compiler --acfsm=1493 -ACODE=00h-07FFhx2 -ASTRCODE=00h-0FFFh \
  -ASTRING=00h-0FFhx16 -ACONST=00h-0FFhx16 -AENTRY=00h-0FFhx16 \
  -ABANK0=020h-07Dh -ABANK1=0A0h-0FDh -ARAM=020h-07Dh,0A0h-0FDh \
  -AABS1=020h-07Fh,0A0h-0FFh -ACOMMON=07Eh-07Fh -ASFR0=00h-01Fh \
  -ASFR1=080h-09Fh -ASFR2=0100h-017Dh -ASFR3=0180h-01FDh \
  -ACONFIG=02007h-02007h -DCONFIG=2 -AIDLOC=02000h-02003h -DIDLOC=2 \
  -DCODE=2 -DSTRCODE=2 -DSTRING=2 -DCONST=2 -DENTRY=2 \
  -preset_vec=00h,intentry,init,end_init -ppowerup=CODE -pcinit=CODE \
  -pfunctab=ENTRY -k \
  C:\Users\ELECTR~1\AppData\Local\Temp\xcAsct4.\driver_tmp_9.o \
  dist/default/production\pwm_gemerator.X.production.o 

Object code version is 3.11

Machine type is 16F73



                Name                               Link     Load   Length Selector   Space Scale
C:\Users\ELECTR~1\AppData\Local\Temp\xcAsct4.\driver_tmp_9.o
                end_init                              0        0        2        0       0
                config                             2007     2007        1        0       4
dist/default/production\pwm_gemerator.X.production.o
                cinit                               7F1      7F1        F      FE2       0
                config                             2007     2007        1        0       4
                text1                               5DE      5DE       81      BBC       0
                maintext                            65F      65F      192      CBE       0
                cstackBANK0                          20       20       26       20       1
                inittext                            5B9      5B9       11      B72       0
                dataBANK0                            46       46       14       20       1
                idataBANK0                          5CA      5CA       14      B94       0

TOTAL           Name                               Link     Load   Length     Space
        CLASS   CODE           
                end_init                              0        0        2         0
                cinit                               7F1      7F1        F         0
                text1                               5DE      5DE       81         0
                maintext                            65F      65F      192         0
                inittext                            5B9      5B9       11         0
                idataBANK0                          5CA      5CA       14         0

        CLASS   STRCODE        

        CLASS   STRING         

        CLASS   CONST          

        CLASS   ENTRY          

        CLASS   BANK0          
                cstackBANK0                          20       20       26         1
                dataBANK0                            46       46       14         1

        CLASS   BANK1          

        CLASS   RAM            

        CLASS   ABS1           
                abs_s1                               7E       7E        2         1

        CLASS   COMMON         

        CLASS   SFR0           

        CLASS   SFR1           

        CLASS   SFR2           

        CLASS   SFR3           

        CLASS   CONFIG         
                config                             2007     2007        1         4

        CLASS   IDLOC          

        CLASS   BANK3          

        CLASS   BANK2          

        CLASS   HEAP           

        CLASS   STACK          

        CLASS   EEDATA         



SEGMENTS        Name                           Load    Length   Top    Selector   Space  Class     Delta

                reset_vec                      000000  000002  000002         0       0  CODE        2
                cstackBANK0                    000020  00003A  00005A        20       1  BANK0       1
                inittext                       0005B9  000011  0005CA       B72       0  CODE        2
                idataBANK0                     0005CA  000014  0005DE       B94       0  CODE        2
                text1                          0005DE  000081  00065F       BBC       0  CODE        2
                maintext                       00065F  000192  0007F1       CBE       0  CODE        2
                cinit                          0007F1  00000F  000800       FE2       0  CODE        2


UNUSED ADDRESS RANGES

        Name                Unused          Largest block    Delta
        BANK0            005A-007D             24           1
        BANK1            00A0-00FD             5E           1
        CODE             0002-05B8            5B7           2
                         0800-0FFF            800
        CONST            0002-05B8            100           2
                         0800-0FFF            100
        ENTRY            0002-05B8            100           2
                         0800-0FFF            100
        IDLOC            2000-2003              4           2
        RAM              005A-007D             24           1
                         00A0-00FD             5E
        SFR0             0000-001F             20           1
        SFR1             0080-009F             20           1
        SFR2             0100-017D             7E           1
        SFR3             0180-01FD             7E           1
        STRCODE          0002-05B8            5B7           2
                         0800-0FFF            800
        STRING           0002-05B8            100           2
                         0800-0FFF            100

                                  Symbol Table

_CCP1CON                 (abs)        0017
_CCPR1L                  (abs)        0015
_PORTB                   (abs)        0006
_PORTBbits               (abs)        0006
_PR2                     (abs)        0092
_RC4                     (abs)        003C
_RC5                     (abs)        003D
_T2CON                   (abs)        0012
_TRISB                   (abs)        0086
_TRISC4                  (abs)        043C
_TRISC5                  (abs)        043D
_TRISCbits               (abs)        0087
__H__absolute__          __absolute__ 0000
__Habs1                  abs1         0000
__Hbank0                 bank0        0000
__Hbank1                 bank1        0000
__Hbank2                 bank2        0000
__Hbank3                 bank3        0000
__Hcinit                 cinit        0800
__Hclrtext               clrtext      0000
__Hcode                  code         0000
__Hcommon                common       0000
__Hconfig                config       2008
__HcstackBANK0           cstackBANK0  0000
__HcstackCOMMON          cstackCOMMON 0000
__HdataBANK0             dataBANK0    0000
__Heeprom_data           eeprom_data  0000
__Hend_init              end_init     0002
__Hfunctab               functab      0000
__Hheap                  heap         0000
__HidataBANK0            idataBANK0   0000
__Hinit                  init         0000
__Hinittext              inittext     0000
__Hintentry              intentry     0000
__Hmaintext              maintext     0000
__Hpowerup               powerup      0000
__Hram                   ram          0000
__Hreset_vec             reset_vec    0000
__Hsfr0                  sfr0         0000
__Hsfr1                  sfr1         0000
__Hsfr2                  sfr2         0000
__Hsfr3                  sfr3         0000
__Hspace_0               (abs)        0800
__Hspace_1               (abs)        005A
__Hspace_2               (abs)        0000
__Hspace_3               (abs)        0000
__Hspace_4               (abs)        400F
__Hstack                 stack        0000
__Hstrings               strings      0000
__Htext                  text         0000
__L__absolute__          __absolute__ 0000
__Labs1                  abs1         0000
__Lbank0                 bank0        0000
__Lbank1                 bank1        0000
__Lbank2                 bank2        0000
__Lbank3                 bank3        0000
__Lcinit                 cinit        07F1
__Lclrtext               clrtext      0000
__Lcode                  code         0000
__Lcommon                common       0000
__Lconfig                config       0000
__LcstackBANK0           cstackBANK0  0000
__LcstackCOMMON          cstackCOMMON 0000
__LdataBANK0             dataBANK0    0000
__Leeprom_data           eeprom_data  0000
__Lend_init              end_init     0000
__Lfunctab               functab      0000
__Lheap                  heap         0000
__LidataBANK0            idataBANK0   0000
__Linit                  init         0000
__Linittext              inittext     0000
__Lintentry              intentry     0000
__Lmaintext              maintext     0000
__Lpowerup               powerup      0000
__Lram                   ram          0000
__Lreset_vec             reset_vec    0000
__Lsfr0                  sfr0         0000
__Lsfr1                  sfr1         0000
__Lsfr2                  sfr2         0000
__Lsfr3                  sfr3         0000
__Lspace_0               (abs)        0000
__Lspace_1               (abs)        0000
__Lspace_2               (abs)        0000
__Lspace_3               (abs)        0000
__Lspace_4               (abs)        0000
__Lstack                 stack        0000
__Lstrings               strings      0000
__Ltext                  text         0000
__S0                     (abs)        0800
__S1                     (abs)        005A
___heap_hi               (abs)        0000
___heap_lo               (abs)        0000
___int_sp                stack        0000
___int_stack_hi          stack        0000
___int_stack_lo          stack        0000
___latbits               (abs)        0001
___sp                    stack        0000
___stack_hi              stack        0000
___stack_lo              stack        0000
___stackhi               (abs)        0000
___stacklo               (abs)        0000
__end_of__initialization cinit        07FD
__end_of_displayDigit    text1        065F
__end_of_main            maintext     07F1
__initialization         cinit        07F1
__pcstackBANK0           cstackBANK0  0020
__pcstackCOMMON          cstackCOMMON 0000
__pdataBANK0             dataBANK0    0046
__pidataBANK0            idataBANK0   05CA
__pmaintext              maintext     065F
__ptext1                 text1        05DE
_displayDigit            text1        05DE
_main                    maintext     065F
btemp                    (abs)        007E
displayDigit@digit       cstackBANK0  0020
end_of_initialization    cinit        07FD
init_fetch0              inittext     05B9
init_ram0                inittext     05BD
intlevel0                functab      0000
intlevel1                functab      0000
intlevel2                functab      0000
intlevel3                functab      0000
intlevel4                functab      0000
intlevel5                functab      0000
main@F819                dataBANK0    0046
main@button2_state       cstackBANK0  0042
main@button_state        cstackBANK0  0040
main@duty_cycle          cstackBANK0  0044
main@i                   cstackBANK0  003E
main@last_button2_state  cstackBANK0  003C
main@last_button_state   cstackBANK0  003A
main@speed               cstackBANK0  0026
reset_vec                reset_vec    0000
start                    init         0000
start_initialization     cinit        07F1
wtemp0                   (abs)        007E


MODULE INFORMATION

Module		Function		Class		Link	Load	Size
newmain.c
		_displayDigit  		CODE           	05DE	0000	129
		_main          		CODE           	065F	0000	402

newmain.c estimated size: 531

shared
		__initialization		CODE           	07F1	0000	12

shared estimated size: 12

